// Jest Snapshot v1, https://goo.gl/fbAQLP

exports[`<App /> matches the snapshot 1`] = `
<div
  className="app"
>
  <nav
    className="navbar navbar-expand-lg navbar-dark bg-primary"
  >
    <a
      className="navbar-brand"
      href="/"
    >
      Giphy Rocks!
    </a>
    <button
      aria-controls="navbarColor01"
      aria-expanded="false"
      aria-label="Toggle navigation"
      className="navbar-toggler"
      data-target="#navbarColor01"
      data-toggle="collapse"
      type="button"
    >
      <span
        className="navbar-toggler-icon"
      />
    </button>
    <div
      className="collapse navbar-collapse"
      id="navbarColor01"
    >
      <ul
        className="navbar-nav mr-auto"
      >
        <li
          className="nav-item"
        >
          <a
            className="nav-link"
            onClick={[Function]}
          >
            Clear my Giphys
          </a>
        </li>
      </ul>
    </div>
  </nav>
  <div
    className="giphySection"
  >
    <form
      className="form-inline"
      onSubmit={[Function]}
    >
      <label>
        <input
          className="form-control"
          onChange={[Function]}
          placeholder="Find me some giphys!"
          type="text"
          value=""
        />
      </label>
      <input
        className="btn btn-primary btn-sm"
        id="searchButton"
        type="submit"
        value="Search"
      />
    </form>
    <form
      className="form-inline"
      onSubmit={[Function]}
    >
      <label>
        <input
          className="form-control"
          onChange={[Function]}
          placeholder="Enter a gif url!"
          type="text"
          value=""
        />
      </label>
      <input
        className="btn btn-primary btn-sm"
        id="submitGifButton"
        type="submit"
        value="Submit a Giphy"
      />
    </form>
    <button
      className="btn btn-secondary btn-sm"
      id="surpriseButton"
      onClick={[Function]}
    >
      Suprise Me
    </button>
    <div>
      <h3
        className="text-primary"
      >
        All the giphys say PARTY!!!
      </h3>
      <div
        className="mosaic"
      />
    </div>
  </div>
</div>
`;
